Command: /Users/petchauisui/.espressif/tools/python/v6.0.2/venv/bin/python /Users/petchauisui/.espressif/v6.0.2/esp-idf/tools/idf_monitor.py -p /dev/cu.usbserial-0001 -b 115200 --toolchain-prefix xtensa-esp32-elf- --target esp32 --revision 0 /Users/petchauisui/Desktop/Dev/Week-03-Sensors-and-calibration-II/Week-03-Lab-LDR-and-calibration/build/LED_Blink.elf /Users/petchauisui/Desktop/Dev/Week-03-Sensors-and-calibration-II/Week-03-Lab-LDR-and-calibration/build/bootloader/bootloader.elf -m '/Users/petchauisui/.espressif/tools/python/v6.0.2/venv/bin/python' '/Users/petchauisui/.espressif/v6.0.2/esp-idf/tools/idf.py'
78) cpu_start: GPIO 3 an�ets Jul 29 2019 12:21:46

rst:0x1 (POWERON_RESET),boot:0x13 (SPI_FAST_FLASH_BOOT)
configsip: 0, SPIWP:0xee
clk_drv:0x00,q_drv:0x00,d_drv:0x00,cs0_drv:0x00,hd_drv:0x00,wp_drv:0x00
mode:DIO, clock div:2
load:0x3fff0040,len:6272
load:0x40078000,len:15820
load:0x40080400,len:3920
entry 0x40080644
[0;32mI (27) boot: ESP-IDF v6.0.2 2nd stage bootloader[0m
[0;32mI (27) boot: compile time Jul 13 2026 11:07:24[0m
[0;32mI (27) boot: Multicore bootloader[0m
[0;32mI (29) boot: chip revision: v3.1[0m
[0;32mI (32) boot.esp32: SPI Speed      : 40MHz[0m
[0;32mI (35) boot.esp32: SPI Mode       : DIO[0m
[0;32mI (39) boot.esp32: SPI Flash Size : 2MB[0m
[0;32mI (42) boot: Enabling RNG early entropy source...[0m
[0;32mI (47) boot: Partition Table:[0m
[0;32mI (49) boot: ## Label            Usage          Type ST Offset   Length[0m
[0;32mI (56) boot:  0 nvs              WiFi data        01 02 00009000 00006000[0m
[0;32mI (62) boot:  1 phy_init         RF data          01 01 0000f000 00001000[0m
[0;32mI (69) boot:  2 factory          factory app      00 00 00010000 00100000[0m
[0;32mI (75) boot: End of partition table[0m
[0;32mI (79) esp_image: segment 0: paddr=00010020 vaddr=3f400020 size=0964ch ( 38476) map[0m
[0;32mI (100) esp_image: segment 1: paddr=00019674 vaddr=3ffb0000 size=02e70h ( 11888) load[0m
[0;32mI (105) esp_image: segment 2: paddr=0001c4ec vaddr=40080000 size=03b2ch ( 15148) load[0m
[0;32mI (111) esp_image: segment 3: paddr=00020020 vaddr=400d0020 size=10f7ch ( 69500) map[0m
[0;32mI (136) esp_image: segment 4: paddr=00030fa4 vaddr=40083b2c size=0929ch ( 37532) load[0m
[0;32mI (152) esp_image: segment 5: paddr=0003a248 vaddr=50000000 size=00028h (    40) load[0m
[0;32mI (159) boot: Loaded app from partition at offset 0x10000[0m
[0;32mI (159) boot: Disabling RNG early entropy source...[0m
[0;32mI (170) cpu_start: Multicore app[0m
[0;32mI (178) cpu_start: GPIO 3 and 1 are used as console UART I/O pins[0m
[0;32mI (179) cpu_start: Pro cpu start user code[0m
[0;32mI (179) cpu_start: cpu freq: 160000000 Hz[0m
[0;32mI (180) app_init: Application information:[0m
[0;32mI (184) app_init: Project name:     LED_Blink[0m
[0;32mI (188) app_init: App version:      7678bdb-dirty[0m
[0;32mI (193) app_init: Compile time:     Jul 13 2026 11:04:52[0m
[0;32mI (198) app_init: ELF file SHA256:  e00327e22...[0m
[0;32mI (202) app_init: ESP-IDF:          v6.0.2[0m
[0;32mI (206) efuse_init: Min chip rev:     v0.0[0m
[0;32mI (210) efuse_init: Max chip rev:     v3.99 [0m
[0;32mI (214) efuse_init: Chip rev:         v3.1[0m
[0;32mI (218) heap_init: Initializing. RAM available for dynamic allocation:[0m
[0;32mI (224) heap_init: At 3FFAE6E0 len 00001920 (6 KiB): DRAM[0m
[0;32mI (229) heap_init: At 3FFB3818 len 0002C7E8 (177 KiB): DRAM[0m
[0;32mI (234) heap_init: At 3FFE0440 len 00003AE0 (14 KiB): D/IRAM[0m
[0;32mI (240) heap_init: At 3FFE4350 len 0001BCB0 (111 KiB): D/IRAM[0m
[0;32mI (245) heap_init: At 4008CDC8 len 00013238 (76 KiB): IRAM[0m
[0;33mW (252) spi_flash: Detected boya flash chip but using generic driver. For optimal functionality, enable `SPI_FLASH_SUPPORT_BOYA_CHIP` in menuconfig[0m
[0;32mI (263) spi_flash: detected chip: generic[0m
[0;32mI (267) spi_flash: flash io: dio[0m
[0;33mW (270) spi_flash: Detected size(4096k) larger than the size in the binary image header(2048k). Using the size in the binary image header.[0m
[0;32mI (283) main_task: Started on CPU0[0m
[0;32mI (283) main_task: Calling app_main()[0m
[0;32mI (283) MAIN: Calibration Init Success[0m
ADC Raw = 4095, Voltage = 3139 mV
ADC Raw = 4095, Voltage = 3139 mV
ADC Raw = 4095, Voltage = 3139 mV
ADC Raw = 4095, Voltage = 3139 mV
ADC Raw = 4095, Voltage = 3139 mV
ADC Raw = 4095, Voltage = 3139 mV
ADC Raw = 4095, Voltage = 3139 mV
ADC Raw = 4095, Voltage = 3139 mV
ADC Raw = 4095, Voltage = 3139 mV
ADC Raw = 4095, Voltage = 3139 mV
ADC Raw = 4095, Voltage = 3139 mV
ADC Raw = 4095, Voltage = 3139 mV
ADC Raw = 4095, Voltage = 3139 mV
ADC Raw = 4095, Voltage = 3139 mV
ADC Raw = 4095, Voltage = 3139 mV
ADC Raw = 4095, Voltage = 3139 mV
ADC Raw = 4095, Voltage = 3139 mV
ADC Raw = 4095, Voltage = 3139 mV
ADC Raw = 4095, Voltage = 3139 mV
ADC Raw = 4095, Voltage = 3139 mV
ADC Raw = 4095, Voltage = 3139 mV
ADC Raw = 4095, Voltage = 3139 mV
ADC Raw = 4095, Voltage = 3139 mV
ADC Raw = 4095, Voltage = 3139 mV
ADC Raw = 4095, Voltage = 3139 mV
ADC Raw = 4095, Voltage = 3139 mV
ADC Raw = 4095, Voltage = 3139 mV
ADC Raw = 4095, Voltage = 3139 mV
ADC Raw = 4095, Voltage = 3139 mV
ADC Raw = 4095, Voltage = 3139 mV
ADC Raw = 4095, Voltage = 3139 mV
ADC Raw = 4095, Voltage = 3139 mV
ADC Raw = 4095, Voltage = 3139 mV
ADC Raw = 4095, Voltage = 3139 mV
ADC Raw = 4095, Voltage = 3139 mV
ADC Raw = 4095, Voltage = 3139 mV
ADC Raw = 4095, Voltage = 3139 mV
ADC Raw = 4095, Voltage = 3139 mV
ADC Raw = 4095, Voltage = 3139 mV
ADC Raw = 4095, Voltage = 3139 mV
ADC Raw = 4095, Voltage = 3139 mV
ADC Raw = 4095, Voltage = 3139 mV
ADC Raw = 4095, Voltage = 3139 mV
ADC Raw = 4095, Voltage = 3139 mV
ADC Raw = 4095, Voltage = 3139 mV
ADC Raw = 4095, Voltage = 3139 mV
ADC Raw = 4095, Voltage = 3139 mV
ADC Raw = 4095, Voltage = 3139 mV
ADC Raw = 4095, Voltage = 3139 mV
ADC Raw = 1345, Voltage = 1232 mV
ADC Raw = 1308, Voltage = 1202 mV
ADC Raw = 1215, Voltage = 1127 mV
ADC Raw = 1161, Voltage = 1083 mV
ADC Raw = 1110, Voltage = 1042 mV
ADC Raw = 1012, Voltage = 962 mV
ADC Raw = 933, Voltage = 898 mV
ADC Raw = 910, Voltage = 880 mV
ADC Raw = 849, Voltage = 830 mV
ADC Raw = 816, Voltage = 804 mV
ADC Raw = 750, Voltage = 750 mV
ADC Raw = 683, Voltage = 696 mV
ADC Raw = 571, Voltage = 605 mV
ADC Raw = 466, Voltage = 520 mV
ADC Raw = 417, Voltage = 480 mV
ADC Raw = 373, Voltage = 444 mV
ADC Raw = 324, Voltage = 405 mV
ADC Raw = 283, Voltage = 371 mV
ADC Raw = 239, Voltage = 336 mV
ADC Raw = 207, Voltage = 310 mV
ADC Raw = 146, Voltage = 260 mV
ADC Raw = 69, Voltage = 198 mV
ADC Raw = 23, Voltage = 161 mV
ADC Raw = 0, Voltage = 142 mV
ADC Raw = 0, Voltage = 142 mV
ADC Raw = 0, Voltage = 142 mV
ADC Raw = 0, Voltage = 142 mV
ADC Raw = 0, Voltage = 142 mV
ADC Raw = 0, Voltage = 142 mV
ADC Raw = 0, Voltage = 142 mV
ADC Raw = 0, Voltage = 142 mV
ADC Raw = 0, Voltage = 142 mV
ADC Raw = 0, Voltage = 142 mV
ADC Raw = 0, Voltage = 142 mV
ADC Raw = 0, Voltage = 142 mV
ADC Raw = 0, Voltage = 142 mV
ADC Raw = 0, Voltage = 142 mV
ADC Raw = 0, Voltage = 142 mV
ADC Raw = 0, Voltage = 142 mV
ADC Raw = 0, Voltage = 142 mV
ADC Raw = 41, Voltage = 175 mV
ADC Raw = 542, Voltage = 581 mV
ADC Raw = 779, Voltage = 774 mV
ADC Raw = 1056, Voltage = 998 mV
ADC Raw = 1305, Voltage = 1200 mV
ADC Raw = 1579, Voltage = 1422 mV
ADC Raw = 1786, Voltage = 1590 mV
ADC Raw = 1905, Voltage = 1686 mV
ADC Raw = 1648, Voltage = 1478 mV
ADC Raw = 1479, Voltage = 1341 mV
ADC Raw = 1306, Voltage = 1201 mV
ADC Raw = 1259, Voltage = 1163 mV
ADC Raw = 1163, Voltage = 1085 mV
ADC Raw = 1104, Voltage = 1037 mV
ADC Raw = 1009, Voltage = 960 mV
ADC Raw = 995, Voltage = 949 mV
ADC Raw = 880, Voltage = 855 mV
ADC Raw = 879, Voltage = 855 mV
ADC Raw = 835, Voltage = 819 mV
ADC Raw = 839, Voltage = 822 mV
ADC Raw = 811, Voltage = 800 mV
ADC Raw = 784, Voltage = 778 mV
ADC Raw = 731, Voltage = 735 mV
ADC Raw = 657, Voltage = 675 mV
ADC Raw = 651, Voltage = 670 mV
ADC Raw = 623, Voltage = 647 mV
ADC Raw = 610, Voltage = 637 mV
EBD Bonou detector was triggered


ets Jul 29 2019 12:21:46

rst:0x3 (SW_RESET),boot:0x13 (SPI_FAST_FLASH_BOOT)
configsip: 0, SPIWP:0xee
clk_drv:0x00,q_drv:0x00,d_drv:0x00,cs0_drv:0x00,hd_drv:0x00,wp_drv:0x00
mode:DIO, clock div:2
load:0x3fff0040,len:6272
load:0x40078000,len:15820
load:0x40080400,len:3920
entry 0x40080644
[0;32mI (53) boot: ESP-IDF v6.0.2 2nd stage bootloader[0m
[0;32mI (53) boot: compile time Jul 13 2026 11:07:24[0m
[0;32mI (53) boot: Multicore bootloader[0m
[0;32mI (55) boot: chip revision: v3.1[0m
[0;32mI (58) boot.esp32: SPI Speed      : 40MHz[0m
[0;32mI (61) boot.esp32: SPI Mode       : DIO[0m
[0;32mI (65) boot.esp32: SPI Flash Size : 2MB[0m
[0;32mI (68) boot: Enabling RNG early entropy source...[0m
[0;32mI (73) boot: Partition Table:[0m
[0;32mI (76) boot: ## Label            Usage          Type ST Offset   Length[0m
[0;32mI (82) boot:  0 nvs              WiFi data        01 02 00009000 00006000[0m
[0;32mI (88) boot:  1 phy_init         RF data          01 01 0000f000 00001000[0m
[0;32mI (95) boot:  2 factory          factory app      00 00 00010000 00100000[0m
[0;32mI (101) boot: End of partition table[0m
[0;32mI (105) esp_image: segment 0: paddr=00010020 vaddr=3f400020 size=0964ch ( 38476) map[0m
[0;32mI (126) esp_image: segment 1: paddr=00019674 vaddr=3ffb0000 size=02e70h ( 11888) load[0m
[0;32mI (131) esp_image: segment 2: paddr=0001c4ec vaddr=40080000 size=03b2ch ( 15148) load[0m
[0;32mI (137) esp_image: segment 3: paddr=00020020 vaddr=400d0020 size=10f7ch ( 69500) map[0m
[0;32mI (163) esp_image: segment 4: paddr=00030fa4 vaddr=40083b2c size=0929ch ( 37532) load[0m
[0;32mI (178) esp_image: segment 5: paddr=0003a248 vaddr=50000000 size=00028h (    40) load[0m
[0;32mI (185) boot: Loaded app from partition at offset 0x10000[0m
[0;32mI (185) boot: Disabling RNG early entropy source...[0m
[0;32mI (196) cpu_start: Multicore app[0m
[0;32mI (204) cpu_start: GPIO 3 and 1 are used as console UART I/O pins[0m
[0;32mI (205) cpu_start: Pro cpu start user code[0m
[0;32mI (205) cpu_start: cpu freq: 160000000 Hz[0m
[0;32mI (207) app_init: Application information:[0m
[0;32mI (210) app_init: Project name:     LED_Blink[0m
[0;32mI (214) app_init: App version:      7678bdb-dirty[0m
[0;32mI (219) app_init: Compile time:     Jul 13 2026 11:04:52[0m
[0;32mI (224) app_init: ELF file SHA256:  e00327e22...[0m
[0;32mI (228) app_init: ESP-IDF:          v6.0.2[0m
[0;32mI (232) efuse_init: Min chip rev:     v0.0[0m
[0;32mI (236) efuse_init: Max chip rev:     v3.99 [0m
[0;32mI (240) efuse_init: Chip rev:         v3.1[0m
[0;32mI (244) heap_init: Initializing. RAM available for dynamic allocation:[0m
[0;32mI (250) heap_init: At 3FFAE6E0 len 00001920 (6 KiB): DRAM[0m
[0;32mI (255) heap_init: At 3FFB3818 len 0002C7E8 (177 KiB): DRAM[0m
[0;32mI (260) heap_init: At 3FFE0440 len 00003AE0 (14 KiB): D/IRAM[0m
[0;32mI (266) heap_init: At 3FFE4350 len 0001BCB0 (111 KiB): D/IRAM[0m
[0;32mI (271) heap_init: At 4008CDC8 len 00013238 (76 KiB): IRAM[0m
[0;33mW (278) spi_flash: Detected boya flash chip but using generic driver. For optimal functionality, enable `SPI_FLASH_SUPPORT_BOYA_CHIP` in menuconfig[0m
[0;32mI (290) spi_flash: detected chip: generic[0m
[0;32mI (293) spi_flash: flash io: dio[0m
[0;33mW (296) spi_flash: Detected size(4096k) larger than the size in the binary image header(2048k). Using the size in the binary image header.[0m
[0;32mI (309) main_task: Started on CPU0[0m
[0;32mI (309) main_task: Calling app_main()[0m
[0;32mI (309) MAIN: Calibration Init Success[0m
ADC Raw = 560, Voltage = 596 mV
ADC Raw = 993, Voltage = 947 mV
ADC Raw = 1015, Voltage = 965 mV
ADC Raw = 1065, Voltage = 1005 mV
ADC Raw = 1137, Voltage = 1064 mV
ADC Raw = 1150, Voltage = 1074 mV
ADC Raw = 912, Voltage = 881 mV
ADC Raw = 962, Voltage = 922 mV
ADC Raw = 976, Voltage = 933 mV
ADC Raw = 1015, Voltage = 965 mV
ADC Raw = 1422, Voltage = 1295 mV
ADC Raw = 1456, Voltage = 1322 mV
ADC Raw = 1501, Voltage = 1359 mV
ADC Raw = 1531, Voltage = 1383 mV
ADC Raw = 1581, Voltage = 1424 mV
ADC Raw = 1601, Voltage = 1440 mV
ADC Raw = 1629, Voltage = 1463 mV
ADC Raw = 1650, Voltage = 1480 mV
ADC Raw = 1703, Voltage = 1523 mV
ADC Raw = 1713, Voltage = 1531 mV
ADC Raw = 1743, Voltage = 1555 mV
ADC Raw = 1767, Voltage = 1575 mV
ADC Raw = 1771, Voltage = 1578 mV
ADC Raw = 1774, Voltage = 1580 mV
ADC Raw = 1788, Voltage = 1592 mV
ADC Raw = 1786, Voltage = 1590 mV
ADC Raw = 1790, Voltage = 1593 mV
ADC Raw = 1799, Voltage = 1601 mV
ADC Raw = 1814, Voltage = 1613 mV
ADC Raw = 1822, Voltage = 1619 mV
ADC Raw = 1818, Voltage = 1616 mV
ADC Raw = 1814, Voltage = 1613 mV
ADC Raw = 1822, Voltage = 1619 mV
ADC Raw = 1837, Voltage = 1631 mV
ADC Raw = 1878, Voltage = 1665 mV
ADC Raw = 1889, Voltage = 1674 mV
ADC Raw = 1894, Voltage = 1678 mV
ADC Raw = 1918, Voltage = 1697 mV
ADC Raw = 1922, Voltage = 1700 mV
ADC Raw = 1924, Voltage = 1702 mV
ADC Raw = 1920, Voltage = 1699 mV
ADC Raw = 1949, Voltage = 1722 mV
ADC Raw = 1947, Voltage = 1721 mV
ADC Raw = 1947, Voltage = 1721 mV
ADC Raw = 1959, Voltage = 1730 mV
ADC Raw = 1951, Voltage = 1724 mV
ADC Raw = 1949, Voltage = 1722 mV
ADC Raw = 1947, Voltage = 1721 mV
ADC Raw = 1937, Voltage = 1712 mV
ADC Raw = 1927, Voltage = 1704 mV
ADC Raw = 1882, Voltage = 1668 mV
ADC Raw = 1840, Voltage = 1634 mV
ADC Raw = 1817, Voltage = 1615 mV
ADC Raw = 1743, Voltage = 1555 mV
ADC Raw = 1669, Voltage = 1495 mV
ADC Raw = 1616, Voltage = 1452 mV
ADC Raw = 1504, Voltage = 1361 mV
ADC Raw = 1358, Voltage = 1243 mV
ADC Raw = 1237, Voltage = 1145 mV
ADC Raw = 1128, Voltage = 1057 mV
ADC Raw = 1023, Voltage = 971 mV
ADC Raw = 907, Voltage = 877 mV
ADC Raw = 807, Voltage = 796 mV
ADC Raw = 673, Voltage = 688 mV
ADC Raw = 598, Voltage = 627 mV
ADC Raw = 467, Voltage = 521 mV
ADC Raw = 240, Voltage = 337 mV
ADC Raw = 70, Voltage = 199 mV
ADC Raw = 0, Voltage = 142 mV
ADC Raw = 0, Voltage = 142 mV
ADC Raw = 0, Voltage = 142 mV
ADC Raw = 0, Voltage = 142 mV
ADC Raw = 0, Voltage = 142 mV
ADC Raw = 0, Voltage = 142 mV
ADC Raw = 0, Voltage = 142 mV
ADC Raw = 0, Voltage = 142 mV
ADC Raw = 0, Voltage = 142 mV
ADC Raw = 0, Voltage = 142 mV
ADC Raw = 0, Voltage = 142 mV
ADC Raw = 0, Voltage = 142 mV
ADC Raw = 0, Voltage = 142 mV
ADC Raw = 0, Voltage = 142 mV
ADC Raw = 0, Voltage = 142 mV
ADC Raw = 0, Voltage = 142 mV
ADC Raw = 0, Voltage = 142 mV
ADC Raw = 0, Voltage = 142 mV
ADC Raw = 0, Voltage = 142 mV
ADC Raw = 0, Voltage = 142 mV
ADC Raw = 0, Voltage = 142 mV
ADC Raw = 0, Voltage = 142 mV
ADC Raw = 0, Voltage = 142 mV
ADC Raw = 0, Voltage = 142 mV
ADC Raw = 0, Voltage = 142 mV
ADC Raw = 0, Voltage = 142 mV
ADC Raw = 0, Voltage = 142 mV
ADC Raw = 0, Voltage = 142 mV
ADC Raw = 0, Voltage = 142 mV
ADC Raw = 0, Voltage = 142 mV
ADC Raw = 0, Voltage = 142 mV
ADC Raw = 0, Voltage = 142 mV
ADC Raw = 0, Voltage = 142 mV
ADC Raw = 0, Voltage = 142 mV
ADC Raw = 0, Voltage = 142 mV
ADC Raw = 0, Voltage = 142 mV
ADC Raw = 0, Voltage = 142 mV
ADC Raw = 0, Voltage = 142 mV
ADC Raw = 0, Voltage = 142 mV
ADC Raw = 0, Voltage = 142 mV
ADC Raw = 26, Voltage = 163 mV
ADC Raw = 164, Voltage = 275 mV
ADC Raw = 137, Voltage = 253 mV
ADC Raw = 143, Voltage = 258 mV
ADC Raw = 140, Voltage = 256 mV
ADC Raw = 144, Voltage = 259 mV
ADC Raw = 97, Voltage = 221 mV
ADC Raw = 0, Voltage = 142 mV
ADC Raw = 0, Voltage = 142 mV
ADC Raw = 0, Voltage = 142 mV
ADC Raw = 0, Voltage = 142 mV
ADC Raw = 0, Voltage = 142 mV
ADC Raw = 173, Voltage = 282 mV
ADC Raw = 162, Voltage = 273 mV
ADC Raw = 150, Voltage = 264 mV
ADC Raw = 167, Voltage = 277 mV
ADC Raw = 166, Voltage = 277 mV
ADC Raw = 161, Voltage = 273 mV
ADC Raw = 151, Voltage = 264 mV
ADC Raw = 149, Voltage = 263 mV
ADC Raw = 147, Voltage = 261 mV
ADC Raw = 155, Voltage = 268 mV
ADC Raw = 169, Voltage = 279 mV
ADC Raw = 173, Voltage = 282 mV
ADC Raw = 162, Voltage = 273 mV
ADC Raw = 176, Voltage = 285 mV
ADC Raw = 173, Voltage = 282 mV
ADC Raw = 182, Voltage = 290 mV
ADC Raw = 189, Voltage = 295 mV
ADC Raw = 191, Voltage = 297 mV
ADC Raw = 181, Voltage = 289 mV
ADC Raw = 195, Voltage = 300 mV
ADC Raw = 199, Voltage = 303 mV
ADC Raw = 198, Voltage = 303 mV
ADC Raw = 199, Voltage = 303 mV
ADC Raw = 197, Voltage = 302 mV
ADC Raw = 196, Voltage = 301 mV
ADC Raw = 192, Voltage = 298 mV
ADC Raw = 185, Voltage = 292 mV
ADC Raw = 177, Voltage = 286 mV
ADC Raw = 165, Voltage = 276 mV
ADC Raw = 150, Voltage = 264 mV
ADC Raw = 143, Voltage = 258 mV
ADC Raw = 131, Voltage = 248 mV
ADC Raw = 119, Voltage = 238 mV
ADC Raw = 87, Voltage = 213 mV
ADC Raw = 0, Voltage = 142 mV
ADC Raw = 0, Voltage = 142 mV
ADC Raw = 0, Voltage = 142 mV
ADC Raw = 0, Voltage = 142 mV
ADC Raw = 0, Voltage = 142 mV
ADC Raw = 0, Voltage = 142 mV
ADC Raw = 0, Voltage = 142 mV
ADC Raw = 0, Voltage = 142 mV
ADC Raw = 0, Voltage = 142 mV
ADC Raw = 0, Voltage = 142 mV
ADC Raw = 0, Voltage = 142 mV
ADC Raw = 0, Voltage = 142 mV
ADC Raw = 0, Voltage = 142 mV
ADC Raw = 0, Voltage = 142 mV
ADC Raw = 0, Voltage = 142 mV
ADC Raw = 0, Voltage = 142 mV
ADC Raw = 0, Voltage = 142 mV
ADC Raw = 0, Voltage = 142 mV
ADC Raw = 0, Voltage = 142 mV
ADC Raw = 0, Voltage = 142 mV
ADC Raw = 0, Voltage = 142 mV
ADC Raw = 0, Voltage = 142 mV
ADC Raw = 0, Voltage = 142 mV
ADC Raw = 0, Voltage = 142 mV
ADC Raw = 0, Voltage = 142 mV
ADC Raw = 0, Voltage = 142 mV
ADC Raw = 0, Voltage = 142 mV
ADC Raw = 0, Voltage = 142 mV
ADC Raw = 0, Voltage = 142 mV
ADC Raw = 0, Voltage = 142 mV
ADC Raw = 16, Voltage = 155 mV
ADC Raw = 209, Voltage = 311 mV
ADC Raw = 593, Voltage = 623 mV
ADC Raw = 734, Voltage = 737 mV
ADC Raw = 923, Voltage = 890 mV
ADC Raw = 1094, Voltage = 1029 mV
ADC Raw = 1306, Voltage = 1201 mV
ADC Raw = 1506, Voltage = 1363 mV
ADC Raw = 1751, Voltage = 1562 mV
ADC Raw = 1904, Voltage = 1686 mV
ADC Raw = 1919, Voltage = 1698 mV
ADC Raw = 1793, Voltage = 1596 mV
ADC Raw = 1636, Voltage = 1468 mV
ADC Raw = 1509, Voltage = 1365 mV
ADC Raw = 1419, Voltage = 1292 mV
ADC Raw = 917, Voltage = 885 mV
ADC Raw = 839, Voltage = 822 mV
ADC Raw = 778, Voltage = 773 mV
ADC Raw = 1389, Voltage = 1268 mV
ADC Raw = 1323, Voltage = 1215 mV
ADC Raw = 1200, Voltage = 1115 mV
ADC Raw = 1143, Voltage = 1069 mV
ADC Raw = 1038, Voltage = 984 mV
ADC Raw = 935, Voltage = 900 mV
ADC Raw = 565, Voltage = 600 mV
ADC Raw = 426, Voltage = 487 mV
ADC Raw = 344, Voltage = 421 mV
ADC Raw = 224, Voltage = 324 mV
ADC Raw = 336, Voltage = 414 mV
ADC Raw = 282, Voltage = 371 mV
ADC Raw = 198, Voltage = 303 mV
ADC Raw = 0, Voltage = 142 mV
ADC Raw = 0, Voltage = 142 mV
ADC Raw = 0, Voltage = 142 mV
ADC Raw = 0, Voltage = 142 mV
ADC Raw = 0, Voltage = 142 mV
ADC Raw = 0, Voltage = 142 mV
ADC Raw = 0, Voltage = 142 mV
ADC Raw = 4095, Voltage = 3139 mV
ADC Raw = 4095, Voltage = 3139 mV
ADC Raw = 4095, Voltage = 3139 mV
ADC Raw = 4095, Voltage = 3139 mV
ADC Raw = 4095, Voltage = 3139 mV
ADC Raw = 4095, Voltage = 3139 mV
ADC Raw = 4095, Voltage = 3139 mV
ADC Raw = 4095, Voltage = 3139 mV
ADC Raw = 4095, Voltage = 3139 mV
ADC Raw = 4095, Voltage = 3139 mV
ADC Raw = 4095, Voltage = 3139 mV
ADC Raw = 4095, Voltage = 3139 mV
ADC Raw = 4095, Voltage = 3139 mV
ADC Raw = 4095, Voltage = 3139 mV
ADC Raw = 4095, Voltage = 3139 mV
ADC Raw = 4095, Voltage = 3139 mV
ADC Raw = 4095, Voltage = 3139 mV
ADC Raw = 4095, Voltage = 3139 mV
ADC Raw = 4095, Voltage = 3139 mV
ADC Raw = 4095, Voltage = 3139 mV
ADC Raw = 4095, Voltage = 3139 mV
ADC Raw = 4095, Voltage = 3139 mV
ADC Raw = 4095, Voltage = 3139 mV
ADC Raw = 3754, Voltage = 2990 mV
ADC Raw = 3244, Voltage = 2717 mV
ADC Raw = 3134, Voltage = 2646 mV
ADC Raw = 3122, Voltage = 2638 mV
ADC Raw = 3034, Voltage = 2580 mV
ADC Raw = 2974, Voltage = 2538 mV
ADC Raw = 3071, Voltage = 2605 mV
ADC Raw = 3035, Voltage = 2581 mV
ADC Raw = 2922, Voltage = 2504 mV
ADC Raw = 2851, Voltage = 2453 mV
ADC Raw = 2735, Voltage = 2359 mV
ADC Raw = 2531, Voltage = 2194 mV
ADC Raw = 2387, Voltage = 2077 mV
