Command: C:\Users\Thanu\.espressif\python_env\idf5.5_py3.11_env\Scripts\python.exe C:\Users\Thanu\esp\v5.5.1\esp-idf\tools/idf_monitor.py -p COM12 -b 115200 --toolchain-prefix xtensa-esp32-elf- --target esp32 --revision 0 C:\Users\Thanu\Week-03-Sensors-and-calibration-II\67030085\build\67030085_HW.elf C:\Users\Thanu\Week-03-Sensors-and-calibration-II\67030085\build\bootloader\bootloader.elf --force-color -m 'C:\Users\Thanu\.espressif\python_env\idf5.5_py3.11_env\Scripts\python.exe' 'C:\Users\Thanu\esp\v5.5.1\esp-idf\tools\idf.py' '-p' 'COM12'
���     : 40MHz
I (�ets Jul 29 2019 12:21:46

rst:0x1 (POWERON_RESET),boot:0x13 (SPI_FAST_FLASH_BOOT)
configsip: 0, SPIWP:0xee
clk_drv:0x00,q_drv:0x00,d_drv:0x00,cs0_drv:0x00,hd_drv:0x00,wp_drv:0x00
mode:DIO, clock div:2
load:0x3fff0030,len:6380
ho 0 tail 12 room 4
load:0x40078000,len:15916
load:0x40080400,len:3860
entry 0x40080638
[0;32mI (29) boot: ESP-IDF v5.5.1 2nd stage bootloader[0m
[0;32mI (29) boot: compile time Jul 14 2026 11:28:03[0m
[0;32mI (29) boot: Multicore bootloader[0m
[0;32mI (31) boot: chip revision: v3.1[0m
[0;32mI (33) boot.esp32: SPI Speed      : 40MHz[0m
[0;32mI (37) boot.esp32: SPI Mode       : DIO[0m
[0;32mI (41) boot.esp32: SPI Flash Size : 2MB[0m
[0;32mI (44) boot: Enabling RNG early entropy source...[0m
[0;32mI (49) boot: Partition Table:[0m
[0;32mI (51) boot: ## Label            Usage          Type ST Offset   Length[0m
[0;32mI (58) boot:  0 nvs              WiFi data        01 02 00009000 00006000[0m
[0;32mI (64) boot:  1 phy_init         RF data          01 01 0000f000 00001000[0m
[0;32mI (71) boot:  2 factory          factory app      00 00 00010000 00100000[0m
[0;32mI (77) boot: End of partition table[0m
[0;32mI (81) esp_image: segment 0: paddr=00010020 vaddr=3f400020 size=0a34ch ( 41804) map[0m
[0;32mI (102) esp_image: segment 1: paddr=0001a374 vaddr=3ffb0000 size=023f8h (  9208) load[0m
[0;32mI (106) esp_image: segment 2: paddr=0001c774 vaddr=40080000 size=038a4h ( 14500) load[0m
[0;32mI (112) esp_image: segment 3: paddr=00020020 vaddr=400d0020 size=149cch ( 84428) map[0m
[0;32mI (143) esp_image: segment 4: paddr=000349f4 vaddr=400838a4 size=0970ch ( 38668) load[0m
[0;32mI (158) esp_image: segment 5: paddr=0003e108 vaddr=50000000 size=00020h (    32) load[0m
[0;32mI (165) boot: Loaded app from partition at offset 0x10000[0m
[0;32mI (165) boot: Disabling RNG early entropy source...[0m
[0;32mI (176) cpu_start: Multicore app[0m
[0;32mI (184) cpu_start: Pro cpu start user code[0m
[0;32mI (184) cpu_start: cpu freq: 160000000 Hz[0m
[0;32mI (184) app_init: Application information:[0m
[0;32mI (185) app_init: Project name:     67030085_HW[0m
[0;32mI (189) app_init: App version:      76fd201-dirty[0m
[0;32mI (193) app_init: Compile time:     Jul 14 2026 11:23:03[0m
[0;32mI (198) app_init: ELF file SHA256:  bea686ee6...[0m
[0;32mI (203) app_init: ESP-IDF:          v5.5.1[0m
[0;32mI (206) efuse_init: Min chip rev:     v0.0[0m
[0;32mI (210) efuse_init: Max chip rev:     v3.99 [0m
[0;32mI (214) efuse_init: Chip rev:         v3.1[0m
[0;32mI (218) heap_init: Initializing. RAM available for dynamic allocation:[0m
[0;32mI (224) heap_init: At 3FFAE6E0 len 00001920 (6 KiB): DRAM[0m
[0;32mI (229) heap_init: At 3FFB2CE8 len 0002D318 (180 KiB): DRAM[0m
[0;32mI (235) heap_init: At 3FFE0440 len 00003AE0 (14 KiB): D/IRAM[0m
[0;32mI (240) heap_init: At 3FFE4350 len 0001BCB0 (111 KiB): D/IRAM[0m
[0;32mI (246) heap_init: At 4008CFB0 len 00013050 (76 KiB): IRAM[0m
[0;32mI (252) spi_flash: detected chip: generic[0m
[0;32mI (254) spi_flash: flash io: dio[0m
[0;33mW (257) spi_flash: Detected size(4096k) larger than the size in the binary image header(2048k). Using the size in the binary image header.[0m
[0;33mW (270) ADC: legacy driver is deprecated, please migrate to `esp_adc/adc_oneshot.h`[0m
[0;32mI (278) main_task: Started on CPU0[0m
[0;32mI (288) main_task: Calling app_main()[0m
ADC Raw = 662, Lux = 0.00
ADC Raw = 674, Lux = 0.00
ADC Raw = 675, Lux = 0.00
ADC Raw = 670, Lux = 0.00
ADC Raw = 678, Lux = 0.00
ADC Raw = 687, Lux = 0.00
ADC Raw = 687, Lux = 0.00
ADC Raw = 671, Lux = 0.00
ADC Raw = 675, Lux = 0.00
ADC Raw = 678, Lux = 0.00
ADC Raw = 661, Lux = 0.00
ADC Raw = 670, Lux = 0.00
ADC Raw = 838, Lux = 0.00
ADC Raw = 879, Lux = 0.00
ADC Raw = 492, Lux = 2.95
ADC Raw = 0, Lux = 135.15
ADC Raw = 0, Lux = 135.15
ADC Raw = 0, Lux = 135.15
ADC Raw = 0, Lux = 135.15
ADC Raw = 100, Lux = 100.44
ADC Raw = 0, Lux = 135.15
ADC Raw = 426, Lux = 15.06
ADC Raw = 683, Lux = 0.00
ADC Raw = 646, Lux = 0.00
ADC Raw = 650, Lux = 0.00
ADC Raw = 690, Lux = 0.00
ADC Raw = 715, Lux = 0.00
ADC Raw = 661, Lux = 0.00
ADC Raw = 613, Lux = 0.00
ADC Raw = 606, Lux = 0.00
ADC Raw = 537, Lux = 0.00
ADC Raw = 526, Lux = 0.00
ADC Raw = 573, Lux = 0.00
ADC Raw = 625, Lux = 0.00
ADC Raw = 640, Lux = 0.00
ADC Raw = 651, Lux = 0.00
ADC Raw = 637, Lux = 0.00
ADC Raw = 622, Lux = 0.00
ADC Raw = 640, Lux = 0.00
ADC Raw = 633, Lux = 0.00
ADC Raw = 631, Lux = 0.00
ADC Raw = 653, Lux = 0.00
ADC Raw = 654, Lux = 0.00
ADC Raw = 652, Lux = 0.00
ADC Raw = 659, Lux = 0.00
ADC Raw = 645, Lux = 0.00
ADC Raw = 653, Lux = 0.00
ADC Raw = 646, Lux = 0.00
ADC Raw = 662, Lux = 0.00
ADC Raw = 673, Lux = 0.00
ADC Raw = 663, Lux = 0.00
ADC Raw = 647, Lux = 0.00
ADC Raw = 679, Lux = 0.00
ADC Raw = 670, Lux = 0.00
ADC Raw = 653, Lux = 0.00
ADC Raw = 655, Lux = 0.00
ADC Raw = 659, Lux = 0.00
ADC Raw = 658, Lux = 0.00
ADC Raw = 661, Lux = 0.00
ADC Raw = 659, Lux = 0.00
ADC Raw = 661, Lux = 0.00
ADC Raw = 661, Lux = 0.00
ADC Raw = 656, Lux = 0.00
ADC Raw = 656, Lux = 0.00
ADC Raw = 661, Lux = 0.00
ADC Raw = 658, Lux = 0.00
ADC Raw = 640, Lux = 0.00
ADC Raw = 637, Lux = 0.00
ADC Raw = 637, Lux = 0.00
ADC Raw = 625, Lux = 0.00
ADC Raw = 661, Lux = 0.00
ADC Raw = 661, Lux = 0.00
ADC Raw = 667, Lux = 0.00
ADC Raw = 682, Lux = 0.00
ADC Raw = 160, Lux = 81.53
ADC Raw = 134, Lux = 89.55
ADC Raw = 161, Lux = 81.23
ADC Raw = 182, Lux = 74.96
ADC Raw = 168, Lux = 79.12
ADC Raw = 258, Lux = 53.75
ADC Raw = 631, Lux = 0.00
ADC Raw = 643, Lux = 0.00
ADC Raw = 646, Lux = 0.00
ADC Raw = 670, Lux = 0.00
ADC Raw = 725, Lux = 0.00
ADC Raw = 1072, Lux = 0.00
ADC Raw = 1125, Lux = 0.00
ADC Raw = 1392, Lux = 11.68
ADC Raw = 1430, Lux = 19.18
ADC Raw = 1408, Lux = 14.77
ADC Raw = 1401, Lux = 13.40
ADC Raw = 1390, Lux = 11.30
ADC Raw = 1421, Lux = 17.35
ADC Raw = 1328, Lux = 0.36
ADC Raw = 1401, Lux = 13.40
ADC Raw = 1290, Lux = 0.00
ADC Raw = 1073, Lux = 0.00
ADC Raw = 1072, Lux = 0.00
ADC Raw = 1010, Lux = 0.00
ADC Raw = 1061, Lux = 0.00
ADC Raw = 972, Lux = 0.00
ADC Raw = 750, Lux = 0.00
ADC Raw = 737, Lux = 0.00
ADC Raw = 1217, Lux = 0.00
ADC Raw = 1357, Lux = 5.29
ADC Raw = 1375, Lux = 8.51
ADC Raw = 706, Lux = 0.00
ADC Raw = 640, Lux = 0.00
ADC Raw = 685, Lux = 0.00
ADC Raw = 749, Lux = 0.00
ADC Raw = 1136, Lux = 0.00
ADC Raw = 1406, Lux = 14.37
ADC Raw = 1449, Lux = 23.14
ADC Raw = 1392, Lux = 11.68
ADC Raw = 1326, Lux = 0.03
ADC Raw = 1286, Lux = 0.00
ADC Raw = 1093, Lux = 0.00
ADC Raw = 903, Lux = 0.00
ADC Raw = 897, Lux = 0.00
ADC Raw = 1142, Lux = 0.00
ADC Raw = 1365, Lux = 6.70
ADC Raw = 1389, Lux = 11.11
ADC Raw = 1385, Lux = 10.36
ADC Raw = 1362, Lux = 6.17
