Command: C:\Users\Thanu\.espressif\python_env\idf5.5_py3.11_env\Scripts\python.exe C:\Users\Thanu\esp\v5.5.1\esp-idf\tools/idf_monitor.py -p COM12 -b 115200 --toolchain-prefix xtensa-esp32-elf- --target esp32 --revision 0 C:\Users\Thanu\Week-03-Sensors-and-calibration-II\67030085\build\67030085_HW.elf C:\Users\Thanu\Week-03-Sensors-and-calibration-II\67030085\build\bootloader\bootloader.elf --force-color -m 'C:\Users\Thanu\.espressif\python_env\idf5.5_py3.11_env\Scripts\python.exe' 'C:\Users\Thanu\esp\v5.5.1\esp-idf\tools\idf.py' '-p' 'COM12'
ets Ju�ets Jul 29 2019 12:21:46

rst:0x1 (POWERON_RESET),boot:0x13 (SPI_FAST_FLASH_BOOT)
configsip: 0, SPIWP:0xee
clk_drv:0x00,q_drv:0x00,d_drv:0x00,cs0_drv:0x00,hd_drv:0x00,wp_drv:0x00
mode:DIO, clock div:2
load:0x3fff0030,len:6380
ho 0 tail 12 room 4
load:0x40078000,len:15916
load:0x40080400,len:3860
entry 0x40080638
[0;32mI (29) boot: ESP-IDF v5.5.1 2nd stage bootloader[0m
[0;32mI (29) boot: compile time Jul 14 2026 11:28:03[0m
[0;32mI (29) boot: Multicore bootloader[0m
[0;32mI (31) boot: chip revision: v3.1[0m
[0;32mI (33) boot.esp32: SPI Speed      : 40MHz[0m
[0;32mI (37) boot.esp32: SPI Mode       : DIO[0m
[0;32mI (41) boot.esp32: SPI Flash Size : 2MB[0m
[0;32mI (44) boot: Enabling RNG early entropy source...[0m
[0;32mI (49) boot: Partition Table:[0m
[0;32mI (51) boot: ## Label            Usage          Type ST Offset   Length[0m
[0;32mI (58) boot:  0 nvs              WiFi data        01 02 00009000 00006000[0m
[0;32mI (64) boot:  1 phy_init         RF data          01 01 0000f000 00001000[0m
[0;32mI (71) boot:  2 factory          factory app      00 00 00010000 00100000[0m
[0;32mI (77) boot: End of partition table[0m
[0;32mI (81) esp_image: segment 0: paddr=00010020 vaddr=3f400020 size=0a36ch ( 41836) map[0m
[0;32mI (102) esp_image: segment 1: paddr=0001a394 vaddr=3ffb0000 size=023f8h (  9208) load[0m
[0;32mI (106) esp_image: segment 2: paddr=0001c794 vaddr=40080000 size=03884h ( 14468) load[0m
[0;32mI (112) esp_image: segment 3: paddr=00020020 vaddr=400d0020 size=14a58h ( 84568) map[0m
[0;32mI (143) esp_image: segment 4: paddr=00034a80 vaddr=40083884 size=0972ch ( 38700) load[0m
[0;32mI (158) esp_image: segment 5: paddr=0003e1b4 vaddr=50000000 size=00020h (    32) load[0m
[0;32mI (165) boot: Loaded app from partition at offset 0x10000[0m
[0;32mI (165) boot: Disabling RNG early entropy source...[0m
[0;32mI (176) cpu_start: Multicore app[0m
[0;32mI (184) cpu_start: Pro cpu start user code[0m
[0;32mI (184) cpu_start: cpu freq: 160000000 Hz[0m
[0;32mI (184) app_init: Application information:[0m
[0;32mI (185) app_init: Project name:     67030085_HW[0m
[0;32mI (189) app_init: App version:      76fd201-dirty[0m
[0;32mI (193) app_init: Compile time:     Jul 14 2026 11:23:03[0m
[0;32mI (198) app_init: ELF file SHA256:  7af3a2bf4...[0m
[0;32mI (203) app_init: ESP-IDF:          v5.5.1[0m
[0;32mI (206) efuse_init: Min chip rev:     v0.0[0m
[0;32mI (210) efuse_init: Max chip rev:     v3.99 [0m
[0;32mI (214) efuse_init: Chip rev:         v3.1[0m
[0;32mI (218) heap_init: Initializing. RAM available for dynamic allocation:[0m
[0;32mI (224) heap_init: At 3FFAE6E0 len 00001920 (6 KiB): DRAM[0m
[0;32mI (229) heap_init: At 3FFB2CE8 len 0002D318 (180 KiB): DRAM[0m
[0;32mI (235) heap_init: At 3FFE0440 len 00003AE0 (14 KiB): D/IRAM[0m
[0;32mI (240) heap_init: At 3FFE4350 len 0001BCB0 (111 KiB): D/IRAM[0m
[0;32mI (246) heap_init: At 4008CFB0 len 00013050 (76 KiB): IRAM[0m
[0;32mI (252) spi_flash: detected chip: generic[0m
[0;32mI (254) spi_flash: flash io: dio[0m
[0;33mW (257) spi_flash: Detected size(4096k) larger than the size in the binary image header(2048k). Using the size in the binary image header.[0m
[0;33mW (270) ADC: legacy driver is deprecated, please migrate to `esp_adc/adc_oneshot.h`[0m
[0;32mI (278) main_task: Started on CPU0[0m
[0;32mI (288) main_task: Calling app_main()[0m
ADC Raw = 0, Voltage = 142 mV
ADC Raw = 197, Voltage = 303 mV
ADC Raw = 197, Voltage = 303 mV
ADC Raw = 206, Voltage = 310 mV
ADC Raw = 209, Voltage = 313 mV
ADC Raw = 209, Voltage = 313 mV
ADC Raw = 196, Voltage = 302 mV
ADC Raw = 154, Voltage = 268 mV
ADC Raw = 47, Voltage = 180 mV
ADC Raw = 48, Voltage = 181 mV
ADC Raw = 48, Voltage = 181 mV
ADC Raw = 80, Voltage = 207 mV
ADC Raw = 243, Voltage = 340 mV
ADC Raw = 240, Voltage = 338 mV
ADC Raw = 239, Voltage = 337 mV
ADC Raw = 215, Voltage = 317 mV
ADC Raw = 170, Voltage = 281 mV
ADC Raw = 176, Voltage = 286 mV
ADC Raw = 176, Voltage = 286 mV
ADC Raw = 167, Voltage = 278 mV
ADC Raw = 169, Voltage = 280 mV
ADC Raw = 159, Voltage = 272 mV
ADC Raw = 166, Voltage = 277 mV
ADC Raw = 165, Voltage = 277 mV
ADC Raw = 190, Voltage = 297 mV
ADC Raw = 192, Voltage = 299 mV
ADC Raw = 176, Voltage = 286 mV
ADC Raw = 207, Voltage = 311 mV
ADC Raw = 185, Voltage = 293 mV
ADC Raw = 175, Voltage = 285 mV
ADC Raw = 174, Voltage = 284 mV
ADC Raw = 192, Voltage = 299 mV
ADC Raw = 241, Voltage = 339 mV
ADC Raw = 212, Voltage = 315 mV
ADC Raw = 128, Voltage = 246 mV
ADC Raw = 94, Voltage = 219 mV
ADC Raw = 82, Voltage = 209 mV
ADC Raw = 107, Voltage = 229 mV
ADC Raw = 120, Voltage = 240 mV
ADC Raw = 141, Voltage = 257 mV
ADC Raw = 195, Voltage = 301 mV
ADC Raw = 137, Voltage = 254 mV
ADC Raw = 137, Voltage = 254 mV
ADC Raw = 137, Voltage = 254 mV
ADC Raw = 129, Voltage = 247 mV
ADC Raw = 125, Voltage = 244 mV
ADC Raw = 132, Voltage = 250 mV
ADC Raw = 142, Voltage = 258 mV
ADC Raw = 135, Voltage = 252 mV
ADC Raw = 139, Voltage = 255 mV
ADC Raw = 131, Voltage = 249 mV
ADC Raw = 138, Voltage = 255 mV
ADC Raw = 142, Voltage = 258 mV
ADC Raw = 143, Voltage = 259 mV
ADC Raw = 230, Voltage = 330 mV
ADC Raw = 215, Voltage = 317 mV
ADC Raw = 195, Voltage = 301 mV
ADC Raw = 193, Voltage = 299 mV
ADC Raw = 211, Voltage = 314 mV
ADC Raw = 226, Voltage = 326 mV
ADC Raw = 222, Voltage = 323 mV
ADC Raw = 229, Voltage = 329 mV
ADC Raw = 221, Voltage = 322 mV
ADC Raw = 228, Voltage = 328 mV
ADC Raw = 219, Voltage = 321 mV
ADC Raw = 229, Voltage = 329 mV
ADC Raw = 225, Voltage = 326 mV
ADC Raw = 234, Voltage = 333 mV
ADC Raw = 223, Voltage = 324 mV
ADC Raw = 224, Voltage = 325 mV
ADC Raw = 217, Voltage = 319 mV
ADC Raw = 212, Voltage = 315 mV
ADC Raw = 208, Voltage = 312 mV
ADC Raw = 216, Voltage = 318 mV
ADC Raw = 211, Voltage = 314 mV
ADC Raw = 212, Voltage = 315 mV
ADC Raw = 213, Voltage = 316 mV
ADC Raw = 217, Voltage = 319 mV
ADC Raw = 221, Voltage = 322 mV
ADC Raw = 223, Voltage = 324 mV
ADC Raw = 217, Voltage = 319 mV
ADC Raw = 213, Voltage = 316 mV
ADC Raw = 225, Voltage = 326 mV
ADC Raw = 214, Voltage = 317 mV
ADC Raw = 217, Voltage = 319 mV
ADC Raw = 219, Voltage = 321 mV
ADC Raw = 219, Voltage = 321 mV
ADC Raw = 219, Voltage = 321 mV
ADC Raw = 221, Voltage = 322 mV
ADC Raw = 219, Voltage = 321 mV
ADC Raw = 223, Voltage = 324 mV
ADC Raw = 222, Voltage = 323 mV
ADC Raw = 217, Voltage = 319 mV
ADC Raw = 221, Voltage = 322 mV
ADC Raw = 221, Voltage = 322 mV
ADC Raw = 234, Voltage = 333 mV
ADC Raw = 224, Voltage = 325 mV
ADC Raw = 130, Voltage = 248 mV
ADC Raw = 112, Voltage = 233 mV
ADC Raw = 125, Voltage = 244 mV
ADC Raw = 144, Voltage = 259 mV
ADC Raw = 161, Voltage = 273 mV
ADC Raw = 183, Voltage = 291 mV
ADC Raw = 188, Voltage = 295 mV
ADC Raw = 194, Voltage = 300 mV
ADC Raw = 215, Voltage = 317 mV
ADC Raw = 125, Voltage = 244 mV
ADC Raw = 245, Voltage = 342 mV
ADC Raw = 175, Voltage = 285 mV
ADC Raw = 112, Voltage = 233 mV
ADC Raw = 111, Voltage = 233 mV
ADC Raw = 129, Voltage = 247 mV
ADC Raw = 133, Voltage = 251 mV
ADC Raw = 120, Voltage = 240 mV
ADC Raw = 115, Voltage = 236 mV
ADC Raw = 115, Voltage = 236 mV
ADC Raw = 118, Voltage = 238 mV
ADC Raw = 115, Voltage = 236 mV
ADC Raw = 117, Voltage = 237 mV
ADC Raw = 117, Voltage = 237 mV
ADC Raw = 114, Voltage = 235 mV
ADC Raw = 118, Voltage = 238 mV
ADC Raw = 240, Voltage = 338 mV
ADC Raw = 227, Voltage = 327 mV
ADC Raw = 226, Voltage = 326 mV
ADC Raw = 208, Voltage = 312 mV
ADC Raw = 201, Voltage = 306 mV
ADC Raw = 206, Voltage = 310 mV
ADC Raw = 186, Voltage = 294 mV
ADC Raw = 206, Voltage = 310 mV
ADC Raw = 251, Voltage = 347 mV
ADC Raw = 176, Voltage = 286 mV
ADC Raw = 201, Voltage = 306 mV
ADC Raw = 182, Voltage = 290 mV
ADC Raw = 237, Voltage = 335 mV
ADC Raw = 202, Voltage = 307 mV
ADC Raw = 200, Voltage = 305 mV
ADC Raw = 171, Voltage = 282 mV
ADC Raw = 0, Voltage = 142 mV
ADC Raw = 529, Voltage = 574 mV
ADC Raw = 130, Voltage = 248 mV
ADC Raw = 134, Voltage = 251 mV
ADC Raw = 135, Voltage = 252 mV
ADC Raw = 128, Voltage = 246 mV
ADC Raw = 0, Voltage = 142 mV
ADC Raw = 0, Voltage = 142 mV
ADC Raw = 0, Voltage = 142 mV
ADC Raw = 0, Voltage = 142 mV
ADC Raw = 0, Voltage = 142 mV
ADC Raw = 0, Voltage = 142 mV
ADC Raw = 2415, Voltage = 2112 mV
ADC Raw = 2748, Voltage = 2384 mV
ADC Raw = 2512, Voltage = 2192 mV
ADC Raw = 2437, Voltage = 2130 mV
ADC Raw = 2534, Voltage = 2209 mV
ADC Raw = 2463, Voltage = 2152 mV
ADC Raw = 2608, Voltage = 2270 mV
ADC Raw = 2869, Voltage = 2483 mV
ADC Raw = 2953, Voltage = 2537 mV
ADC Raw = 2969, Voltage = 2548 mV
ADC Raw = 2816, Voltage = 2440 mV
ADC Raw = 2903, Voltage = 2507 mV
ADC Raw = 2832, Voltage = 2453 mV
ADC Raw = 2913, Voltage = 2513 mV
ADC Raw = 2876, Voltage = 2488 mV
ADC Raw = 2863, Voltage = 2478 mV
ADC Raw = 2859, Voltage = 2475 mV
ADC Raw = 2851, Voltage = 2468 mV
ADC Raw = 3936, Voltage = 3077 mV
ADC Raw = 4095, Voltage = 3145 mV
ADC Raw = 4095, Voltage = 3145 mV
ADC Raw = 4095, Voltage = 3145 mV
ADC Raw = 4095, Voltage = 3145 mV
ADC Raw = 4095, Voltage = 3145 mV
ADC Raw = 4095, Voltage = 3145 mV
ADC Raw = 3678, Voltage = 2960 mV
ADC Raw = 3051, Voltage = 2605 mV
ADC Raw = 3033, Voltage = 2593 mV
ADC Raw = 3022, Voltage = 2585 mV
ADC Raw = 3024, Voltage = 2587 mV
ADC Raw = 2885, Voltage = 2495 mV
ADC Raw = 2838, Voltage = 2457 mV
ADC Raw = 2173, Voltage = 1915 mV
ADC Raw = 1943, Voltage = 1727 mV
ADC Raw = 1886, Voltage = 1681 mV
